  Determining projects to restore...
/app/SemanticKernelChat/SemanticKernelChat.csproj : warning NU1904: Package 'Microsoft.SemanticKernel.Core' 1.70.0 has a known critical severity vulnerability, https://github.com/advisories/GHSA-2ww3-72rp-wpp4 [/app/ConsoleChat.Tests/ConsoleChat.Tests.csproj]
/app/ConsoleChat.Tests/ConsoleChat.Tests.csproj : warning NU1904: Package 'Microsoft.SemanticKernel.Core' 1.70.0 has a known critical severity vulnerability, https://github.com/advisories/GHSA-2ww3-72rp-wpp4
  All projects are up-to-date for restore.
/app/ConsoleChat.Tests/ConsoleChat.Tests.csproj : warning NU1904: Package 'Microsoft.SemanticKernel.Core' 1.70.0 has a known critical severity vulnerability, https://github.com/advisories/GHSA-2ww3-72rp-wpp4
/app/SemanticKernelChat/SemanticKernelChat.csproj : warning NU1904: Package 'Microsoft.SemanticKernel.Core' 1.70.0 has a known critical severity vulnerability, https://github.com/advisories/GHSA-2ww3-72rp-wpp4
  SemanticKernelChat -> /app/SemanticKernelChat/bin/Debug/net10.0/SemanticKernelChat.dll
  McpServer -> /app/McpServer/bin/Debug/net10.0/McpServer.dll
  ConsoleChat.Tests -> /app/ConsoleChat.Tests/bin/Debug/net10.0/ConsoleChat.Tests.dll
Test run for /app/ConsoleChat.Tests/bin/Debug/net10.0/ConsoleChat.Tests.dll (.NETCoreApp,Version=v10.0)
VSTest version 18.0.1 (x64)

Starting test execution, please wait...
A total of 1 test files matched the specified pattern.

Passed!  - Failed:     0, Passed:     2, Skipped:     0, Total:     2, Duration: 257 ms - ConsoleChat.Tests.dll (net10.0)
